{
    (
        PackageId {
            repr: "async-stream 0.3.2 (registry+https://github.com/rust-lang/crates.io-index)",
        },
        [],
    ): {
        PackageId {
            repr: "tokio 1.9.0 (registry+https://github.com/rust-lang/crates.io-index)",
        },
        PackageId {
            repr: "tokio-stream 0.1.7 (registry+https://github.com/rust-lang/crates.io-index)",
        },
        PackageId {
            repr: "tokio-util 0.6.7 (registry+https://github.com/rust-lang/crates.io-index)",
        },
        PackageId {
            repr: "tonic 0.4.3 (registry+https://github.com/rust-lang/crates.io-index)",
        },
    },
    (
        PackageId {
            repr: "async-stream-impl 0.3.2 (registry+https://github.com/rust-lang/crates.io-index)",
        },
        [],
    ): {
        PackageId {
            repr: "async-stream 0.3.2 (registry+https://github.com/rust-lang/crates.io-index)",
        },
    },
    (
        PackageId {
            repr: "bindgen 0.57.0 (registry+https://github.com/rust-lang/crates.io-index)",
        },
        [],
    ): {
        PackageId {
            repr: "grpcio-sys 0.9.0+1.38.0 (registry+https://github.com/rust-lang/crates.io-index)",
        },
    },
    (
        PackageId {
            repr: "boringssl-src 0.3.0+688fc5c (registry+https://github.com/rust-lang/crates.io-index)",
        },
        [],
    ): {
        PackageId {
            repr: "grpcio-sys 0.9.0+1.38.0 (registry+https://github.com/rust-lang/crates.io-index)",
        },
    },
    (
        PackageId {
            repr: "cexpr 0.4.0 (registry+https://github.com/rust-lang/crates.io-index)",
        },
        [],
    ): {
        PackageId {
            repr: "bindgen 0.57.0 (registry+https://github.com/rust-lang/crates.io-index)",
        },
    },
    (
        PackageId {
            repr: "cfg-expr 0.7.4 (registry+https://github.com/rust-lang/crates.io-index)",
        },
        [],
    ): {
        PackageId {
            repr: "target-spec 0.7.0 (registry+https://github.com/rust-lang/crates.io-index)",
        },
    },
    (
        PackageId {
            repr: "chrono 0.4.19 (registry+https://github.com/rust-lang/crates.io-index)",
        },
        [],
    ): {
        PackageId {
            repr: "core-foundation 0.9.1 (registry+https://github.com/rust-lang/crates.io-index)",
        },
        PackageId {
            repr: "humantime 2.1.0 (registry+https://github.com/rust-lang/crates.io-index)",
        },
        PackageId {
            repr: "isahc 1.4.0 (registry+https://github.com/rust-lang/crates.io-index)",
        },
        PackageId {
            repr: "opentelemetry-otlp 0.8.0 (registry+https://github.com/rust-lang/crates.io-index)",
        },
        PackageId {
            repr: "tracing-bunyan-formatter 0.2.4 (registry+https://github.com/rust-lang/crates.io-index)",
        },
        PackageId {
            repr: "tracing-subscriber 0.2.19 (registry+https://github.com/rust-lang/crates.io-index)",
        },
        PackageId {
            repr: "winreg 0.7.0 (registry+https://github.com/rust-lang/crates.io-index)",
        },
    },
    (
        PackageId {
            repr: "clang-sys 1.2.0 (registry+https://github.com/rust-lang/crates.io-index)",
        },
        [
            "runtime",
        ],
    ): {
        PackageId {
            repr: "bindgen 0.57.0 (registry+https://github.com/rust-lang/crates.io-index)",
        },
    },
    (
        PackageId {
            repr: "cmake 0.1.45 (registry+https://github.com/rust-lang/crates.io-index)",
        },
        [],
    ): {
        PackageId {
            repr: "boringssl-src 0.3.0+688fc5c (registry+https://github.com/rust-lang/crates.io-index)",
        },
        PackageId {
            repr: "grpcio-sys 0.9.0+1.38.0 (registry+https://github.com/rust-lang/crates.io-index)",
        },
        PackageId {
            repr: "libz-sys 1.1.3 (registry+https://github.com/rust-lang/crates.io-index)",
        },
    },
    (
        PackageId {
            repr: "crossbeam-channel 0.5.1 (registry+https://github.com/rust-lang/crates.io-index)",
        },
        [],
    ): {
        PackageId {
            repr: "opentelemetry 0.15.0 (registry+https://github.com/rust-lang/crates.io-index)",
        },
        PackageId {
            repr: "rayon-core 1.9.1 (registry+https://github.com/rust-lang/crates.io-index)",
        },
    },
    (
        PackageId {
            repr: "crossbeam-deque 0.8.1 (registry+https://github.com/rust-lang/crates.io-index)",
        },
        [],
    ): {
        PackageId {
            repr: "rayon 1.5.1 (registry+https://github.com/rust-lang/crates.io-index)",
        },
        PackageId {
            repr: "rayon-core 1.9.1 (registry+https://github.com/rust-lang/crates.io-index)",
        },
    },
    (
        PackageId {
            repr: "crossbeam-epoch 0.9.5 (registry+https://github.com/rust-lang/crates.io-index)",
        },
        [
            "std",
        ],
    ): {
        PackageId {
            repr: "crossbeam-deque 0.8.1 (registry+https://github.com/rust-lang/crates.io-index)",
        },
    },
    (
        PackageId {
            repr: "crossbeam-utils 0.8.5 (registry+https://github.com/rust-lang/crates.io-index)",
        },
        [
            "std",
        ],
    ): {
        PackageId {
            repr: "crossbeam-channel 0.5.1 (registry+https://github.com/rust-lang/crates.io-index)",
        },
        PackageId {
            repr: "crossbeam-deque 0.8.1 (registry+https://github.com/rust-lang/crates.io-index)",
        },
        PackageId {
            repr: "crossbeam-epoch 0.9.5 (registry+https://github.com/rust-lang/crates.io-index)",
        },
    },
    (
        PackageId {
            repr: "determinator 0.4.0 (registry+https://github.com/rust-lang/crates.io-index)",
        },
        [],
    ): {
        PackageId {
            repr: "router 0.1.0 (path+file:///home/cecile/repos/router)",
        },
    },
    (
        PackageId {
            repr: "diffus 0.9.1 (registry+https://github.com/rust-lang/crates.io-index)",
        },
        [],
    ): {
        PackageId {
            repr: "guppy-summaries 0.4.0 (registry+https://github.com/rust-lang/crates.io-index)",
        },
    },
    (
        PackageId {
            repr: "gethostname 0.2.1 (registry+https://github.com/rust-lang/crates.io-index)",
        },
        [],
    ): {
        PackageId {
            repr: "tracing-bunyan-formatter 0.2.4 (registry+https://github.com/rust-lang/crates.io-index)",
        },
    },
    (
        PackageId {
            repr: "glob 0.3.0 (registry+https://github.com/rust-lang/crates.io-index)",
        },
        [],
    ): {
        PackageId {
            repr: "clang-sys 1.2.0 (registry+https://github.com/rust-lang/crates.io-index)",
        },
        PackageId {
            repr: "globset 0.4.8 (registry+https://github.com/rust-lang/crates.io-index)",
        },
    },
    (
        PackageId {
            repr: "grpcio 0.9.0 (registry+https://github.com/rust-lang/crates.io-index)",
        },
        [
            "openssl",
        ],
    ): {
        PackageId {
            repr: "opentelemetry-otlp 0.8.0 (registry+https://github.com/rust-lang/crates.io-index)",
        },
    },
    (
        PackageId {
            repr: "grpcio-sys 0.9.0+1.38.0 (registry+https://github.com/rust-lang/crates.io-index)",
        },
        [
            "openssl",
            "secure",
            "use-bindgen",
        ],
    ): {
        PackageId {
            repr: "grpcio 0.9.0 (registry+https://github.com/rust-lang/crates.io-index)",
        },
    },
    (
        PackageId {
            repr: "guppy 0.9.0 (registry+https://github.com/rust-lang/crates.io-index)",
        },
        [],
    ): {
        PackageId {
            repr: "determinator 0.4.0 (registry+https://github.com/rust-lang/crates.io-index)",
        },
        PackageId {
            repr: "router 0.1.0 (path+file:///home/cecile/repos/router)",
        },
    },
    (
        PackageId {
            repr: "guppy-summaries 0.4.0 (registry+https://github.com/rust-lang/crates.io-index)",
        },
        [],
    ): {
        PackageId {
            repr: "guppy 0.9.0 (registry+https://github.com/rust-lang/crates.io-index)",
        },
    },
    (
        PackageId {
            repr: "humantime-serde 1.0.1 (registry+https://github.com/rust-lang/crates.io-index)",
        },
        [],
    ): {
        PackageId {
            repr: "configuration 0.1.0 (path+file:///home/cecile/repos/router/crates/configuration)",
        },
    },
    (
        PackageId {
            repr: "libloading 0.7.0 (registry+https://github.com/rust-lang/crates.io-index)",
        },
        [],
    ): {
        PackageId {
            repr: "clang-sys 1.2.0 (registry+https://github.com/rust-lang/crates.io-index)",
        },
    },
    (
        PackageId {
            repr: "log 0.4.14 (registry+https://github.com/rust-lang/crates.io-index)",
        },
        [
            "std",
        ],
    ): {
        PackageId {
            repr: "tracing-log 0.1.2 (registry+https://github.com/rust-lang/crates.io-index)",
        },
    },
    (
        PackageId {
            repr: "matchers 0.0.1 (registry+https://github.com/rust-lang/crates.io-index)",
        },
        [],
    ): {
        PackageId {
            repr: "tracing-subscriber 0.2.19 (registry+https://github.com/rust-lang/crates.io-index)",
        },
    },
    (
        PackageId {
            repr: "memchr 2.4.0 (registry+https://github.com/rust-lang/crates.io-index)",
        },
        [
            "use_std",
        ],
    ): {
        PackageId {
            repr: "nom 5.1.2 (registry+https://github.com/rust-lang/crates.io-index)",
        },
    },
    (
        PackageId {
            repr: "memoffset 0.6.4 (registry+https://github.com/rust-lang/crates.io-index)",
        },
        [],
    ): {
        PackageId {
            repr: "crossbeam-epoch 0.9.5 (registry+https://github.com/rust-lang/crates.io-index)",
        },
    },
    (
        PackageId {
            repr: "multimap 0.8.3 (registry+https://github.com/rust-lang/crates.io-index)",
        },
        [],
    ): {
        PackageId {
            repr: "prost-build 0.7.0 (registry+https://github.com/rust-lang/crates.io-index)",
        },
    },
    (
        PackageId {
            repr: "nested 0.1.1 (registry+https://github.com/rust-lang/crates.io-index)",
        },
        [],
    ): {
        PackageId {
            repr: "guppy 0.9.0 (registry+https://github.com/rust-lang/crates.io-index)",
        },
    },
    (
        PackageId {
            repr: "nom 5.1.2 (registry+https://github.com/rust-lang/crates.io-index)",
        },
        [],
    ): {
        PackageId {
            repr: "cexpr 0.4.0 (registry+https://github.com/rust-lang/crates.io-index)",
        },
    },
    (
        PackageId {
            repr: "num-integer 0.1.44 (registry+https://github.com/rust-lang/crates.io-index)",
        },
        [],
    ): {
        PackageId {
            repr: "chrono 0.4.19 (registry+https://github.com/rust-lang/crates.io-index)",
        },
    },
    (
        PackageId {
            repr: "opentelemetry 0.15.0 (registry+https://github.com/rust-lang/crates.io-index)",
        },
        [],
    ): {
        PackageId {
            repr: "configuration 0.1.0 (path+file:///home/cecile/repos/router/crates/configuration)",
        },
        PackageId {
            repr: "execution 0.1.0 (path+file:///home/cecile/repos/router/crates/execution)",
        },
        PackageId {
            repr: "opentelemetry-otlp 0.8.0 (registry+https://github.com/rust-lang/crates.io-index)",
        },
        PackageId {
            repr: "server 0.1.0 (path+file:///home/cecile/repos/router/crates/server)",
        },
    },
    (
        PackageId {
            repr: "opentelemetry-otlp 0.8.0 (registry+https://github.com/rust-lang/crates.io-index)",
        },
        [],
    ): {
        PackageId {
            repr: "execution 0.1.0 (path+file:///home/cecile/repos/router/crates/execution)",
        },
        PackageId {
            repr: "server 0.1.0 (path+file:///home/cecile/repos/router/crates/server)",
        },
    },
    (
        PackageId {
            repr: "pathdiff 0.2.0 (registry+https://github.com/rust-lang/crates.io-index)",
        },
        [],
    ): {
        PackageId {
            repr: "guppy 0.9.0 (registry+https://github.com/rust-lang/crates.io-index)",
        },
    },
    (
        PackageId {
            repr: "peeking_take_while 0.1.2 (registry+https://github.com/rust-lang/crates.io-index)",
        },
        [],
    ): {
        PackageId {
            repr: "bindgen 0.57.0 (registry+https://github.com/rust-lang/crates.io-index)",
        },
    },
    (
        PackageId {
            repr: "prost 0.7.0 (registry+https://github.com/rust-lang/crates.io-index)",
        },
        [],
    ): {
        PackageId {
            repr: "grpcio 0.9.0 (registry+https://github.com/rust-lang/crates.io-index)",
        },
        PackageId {
            repr: "opentelemetry-otlp 0.8.0 (registry+https://github.com/rust-lang/crates.io-index)",
        },
        PackageId {
            repr: "prost-build 0.7.0 (registry+https://github.com/rust-lang/crates.io-index)",
        },
        PackageId {
            repr: "prost-types 0.7.0 (registry+https://github.com/rust-lang/crates.io-index)",
        },
        PackageId {
            repr: "tonic 0.4.3 (registry+https://github.com/rust-lang/crates.io-index)",
        },
    },
    (
        PackageId {
            repr: "prost-build 0.7.0 (registry+https://github.com/rust-lang/crates.io-index)",
        },
        [],
    ): {
        PackageId {
            repr: "opentelemetry-otlp 0.8.0 (registry+https://github.com/rust-lang/crates.io-index)",
        },
        PackageId {
            repr: "tonic-build 0.4.2 (registry+https://github.com/rust-lang/crates.io-index)",
        },
    },
    (
        PackageId {
            repr: "prost-derive 0.7.0 (registry+https://github.com/rust-lang/crates.io-index)",
        },
        [],
    ): {
        PackageId {
            repr: "prost 0.7.0 (registry+https://github.com/rust-lang/crates.io-index)",
        },
        PackageId {
            repr: "tonic 0.4.3 (registry+https://github.com/rust-lang/crates.io-index)",
        },
    },
    (
        PackageId {
            repr: "prost-types 0.7.0 (registry+https://github.com/rust-lang/crates.io-index)",
        },
        [],
    ): {
        PackageId {
            repr: "prost-build 0.7.0 (registry+https://github.com/rust-lang/crates.io-index)",
        },
    },
    (
        PackageId {
            repr: "protobuf 2.24.1 (registry+https://github.com/rust-lang/crates.io-index)",
        },
        [],
    ): {
        PackageId {
            repr: "grpcio 0.9.0 (registry+https://github.com/rust-lang/crates.io-index)",
        },
        PackageId {
            repr: "opentelemetry-otlp 0.8.0 (registry+https://github.com/rust-lang/crates.io-index)",
        },
    },
    (
        PackageId {
            repr: "rayon 1.5.1 (registry+https://github.com/rust-lang/crates.io-index)",
        },
        [],
    ): {
        PackageId {
            repr: "determinator 0.4.0 (registry+https://github.com/rust-lang/crates.io-index)",
        },
        PackageId {
            repr: "guppy 0.9.0 (registry+https://github.com/rust-lang/crates.io-index)",
        },
        PackageId {
            repr: "hashbrown 0.9.1 (registry+https://github.com/rust-lang/crates.io-index)",
        },
        PackageId {
            repr: "indexmap 1.6.2 (registry+https://github.com/rust-lang/crates.io-index)",
        },
        PackageId {
            repr: "isahc 1.4.0 (registry+https://github.com/rust-lang/crates.io-index)",
        },
        PackageId {
            repr: "syn 1.0.73 (registry+https://github.com/rust-lang/crates.io-index)",
        },
    },
    (
        PackageId {
            repr: "rayon-core 1.9.1 (registry+https://github.com/rust-lang/crates.io-index)",
        },
        [],
    ): {
        PackageId {
            repr: "rayon 1.5.1 (registry+https://github.com/rust-lang/crates.io-index)",
        },
    },
    (
        PackageId {
            repr: "regex-automata 0.1.10 (registry+https://github.com/rust-lang/crates.io-index)",
        },
        [],
    ): {
        PackageId {
            repr: "bstr 0.2.16 (registry+https://github.com/rust-lang/crates.io-index)",
        },
        PackageId {
            repr: "matchers 0.0.1 (registry+https://github.com/rust-lang/crates.io-index)",
        },
    },
    (
        PackageId {
            repr: "rustc-hash 1.1.0 (registry+https://github.com/rust-lang/crates.io-index)",
        },
        [],
    ): {
        PackageId {
            repr: "bindgen 0.57.0 (registry+https://github.com/rust-lang/crates.io-index)",
        },
    },
    (
        PackageId {
            repr: "serde_json 1.0.66 (registry+https://github.com/rust-lang/crates.io-index)",
        },
        [
            "arbitrary_precision",
        ],
    ): {
        PackageId {
            repr: "tracing-bunyan-formatter 0.2.4 (registry+https://github.com/rust-lang/crates.io-index)",
        },
    },
    (
        PackageId {
            repr: "sharded-slab 0.1.3 (registry+https://github.com/rust-lang/crates.io-index)",
        },
        [],
    ): {
        PackageId {
            repr: "tracing-subscriber 0.2.19 (registry+https://github.com/rust-lang/crates.io-index)",
        },
    },
    (
        PackageId {
            repr: "shlex 0.1.1 (registry+https://github.com/rust-lang/crates.io-index)",
        },
        [],
    ): {
        PackageId {
            repr: "bindgen 0.57.0 (registry+https://github.com/rust-lang/crates.io-index)",
        },
    },
    (
        PackageId {
            repr: "supercow 0.1.0 (registry+https://github.com/rust-lang/crates.io-index)",
        },
        [],
    ): {
        PackageId {
            repr: "guppy 0.9.0 (registry+https://github.com/rust-lang/crates.io-index)",
        },
    },
    (
        PackageId {
            repr: "target-spec 0.7.0 (registry+https://github.com/rust-lang/crates.io-index)",
        },
        [
            "summaries",
        ],
    ): {
        PackageId {
            repr: "guppy 0.9.0 (registry+https://github.com/rust-lang/crates.io-index)",
        },
    },
    (
        PackageId {
            repr: "time 0.1.43 (registry+https://github.com/rust-lang/crates.io-index)",
        },
        [],
    ): {
        PackageId {
            repr: "chrono 0.4.19 (registry+https://github.com/rust-lang/crates.io-index)",
        },
        PackageId {
            repr: "fsevent 0.4.0 (registry+https://github.com/rust-lang/crates.io-index)",
        },
        PackageId {
            repr: "humantime 2.1.0 (registry+https://github.com/rust-lang/crates.io-index)",
        },
    },
    (
        PackageId {
            repr: "tokio 1.9.0 (registry+https://github.com/rust-lang/crates.io-index)",
        },
        [
            "io-std",
            "rt",
            "sync",
            "time",
        ],
    ): {
        PackageId {
            repr: "tower 0.4.8 (registry+https://github.com/rust-lang/crates.io-index)",
        },
    },
    (
        PackageId {
            repr: "tokio 1.9.0 (registry+https://github.com/rust-lang/crates.io-index)",
        },
        [
            "macros",
            "time",
        ],
    ): {
        PackageId {
            repr: "tonic 0.4.3 (registry+https://github.com/rust-lang/crates.io-index)",
        },
    },
    (
        PackageId {
            repr: "tokio-stream 0.1.7 (registry+https://github.com/rust-lang/crates.io-index)",
        },
        [],
    ): {
        PackageId {
            repr: "opentelemetry 0.15.0 (registry+https://github.com/rust-lang/crates.io-index)",
        },
        PackageId {
            repr: "opentelemetry-otlp 0.8.0 (registry+https://github.com/rust-lang/crates.io-index)",
        },
        PackageId {
            repr: "tokio 1.9.0 (registry+https://github.com/rust-lang/crates.io-index)",
        },
        PackageId {
            repr: "tokio-util 0.6.7 (registry+https://github.com/rust-lang/crates.io-index)",
        },
        PackageId {
            repr: "tonic 0.4.3 (registry+https://github.com/rust-lang/crates.io-index)",
        },
        PackageId {
            repr: "tower 0.4.8 (registry+https://github.com/rust-lang/crates.io-index)",
        },
    },
    (
        PackageId {
            repr: "toml 0.5.8 (registry+https://github.com/rust-lang/crates.io-index)",
        },
        [],
    ): {
        PackageId {
            repr: "determinator 0.4.0 (registry+https://github.com/rust-lang/crates.io-index)",
        },
        PackageId {
            repr: "guppy-summaries 0.4.0 (registry+https://github.com/rust-lang/crates.io-index)",
        },
        PackageId {
            repr: "insta 1.7.1 (registry+https://github.com/rust-lang/crates.io-index)",
        },
        PackageId {
            repr: "target-spec 0.7.0 (registry+https://github.com/rust-lang/crates.io-index)",
        },
    },
    (
        PackageId {
            repr: "tonic 0.4.3 (registry+https://github.com/rust-lang/crates.io-index)",
        },
        [],
    ): {
        PackageId {
            repr: "opentelemetry-otlp 0.8.0 (registry+https://github.com/rust-lang/crates.io-index)",
        },
    },
    (
        PackageId {
            repr: "tonic-build 0.4.2 (registry+https://github.com/rust-lang/crates.io-index)",
        },
        [],
    ): {
        PackageId {
            repr: "opentelemetry-otlp 0.8.0 (registry+https://github.com/rust-lang/crates.io-index)",
        },
    },
    (
        PackageId {
            repr: "tower 0.4.8 (registry+https://github.com/rust-lang/crates.io-index)",
        },
        [],
    ): {
        PackageId {
            repr: "hyper 0.14.11 (registry+https://github.com/rust-lang/crates.io-index)",
        },
        PackageId {
            repr: "tonic 0.4.3 (registry+https://github.com/rust-lang/crates.io-index)",
        },
    },
    (
        PackageId {
            repr: "tower-layer 0.3.1 (registry+https://github.com/rust-lang/crates.io-index)",
        },
        [],
    ): {
        PackageId {
            repr: "tower 0.4.8 (registry+https://github.com/rust-lang/crates.io-index)",
        },
        PackageId {
            repr: "tower-service 0.3.1 (registry+https://github.com/rust-lang/crates.io-index)",
        },
    },
    (
        PackageId {
            repr: "tracing 0.1.26 (registry+https://github.com/rust-lang/crates.io-index)",
        },
        [
            "log",
        ],
    ): {
        PackageId {
            repr: "tower 0.4.8 (registry+https://github.com/rust-lang/crates.io-index)",
        },
    },
    (
        PackageId {
            repr: "tracing-bunyan-formatter 0.2.4 (registry+https://github.com/rust-lang/crates.io-index)",
        },
        [],
    ): {
        PackageId {
            repr: "router 0.1.0 (path+file:///home/cecile/repos/router)",
        },
    },
    (
        PackageId {
            repr: "tracing-log 0.1.2 (registry+https://github.com/rust-lang/crates.io-index)",
        },
        [],
    ): {
        PackageId {
            repr: "router 0.1.0 (path+file:///home/cecile/repos/router)",
        },
        PackageId {
            repr: "tracing-bunyan-formatter 0.2.4 (registry+https://github.com/rust-lang/crates.io-index)",
        },
        PackageId {
            repr: "tracing-subscriber 0.2.19 (registry+https://github.com/rust-lang/crates.io-index)",
        },
    },
    (
        PackageId {
            repr: "tracing-serde 0.1.2 (registry+https://github.com/rust-lang/crates.io-index)",
        },
        [],
    ): {
        PackageId {
            repr: "tracing-subscriber 0.2.19 (registry+https://github.com/rust-lang/crates.io-index)",
        },
    },
    (
        PackageId {
            repr: "tracing-subscriber 0.2.19 (registry+https://github.com/rust-lang/crates.io-index)",
        },
        [],
    ): {
        PackageId {
            repr: "isahc 1.4.0 (registry+https://github.com/rust-lang/crates.io-index)",
        },
        PackageId {
            repr: "router 0.1.0 (path+file:///home/cecile/repos/router)",
        },
        PackageId {
            repr: "tower 0.4.8 (registry+https://github.com/rust-lang/crates.io-index)",
        },
        PackageId {
            repr: "tracing-bunyan-formatter 0.2.4 (registry+https://github.com/rust-lang/crates.io-index)",
        },
        PackageId {
            repr: "tracing-test 0.1.0 (registry+https://github.com/rust-lang/crates.io-index)",
        },
    },
    (
        PackageId {
            repr: "tracing-test 0.1.0 (registry+https://github.com/rust-lang/crates.io-index)",
        },
        [],
    ): {
        PackageId {
            repr: "execution 0.1.0 (path+file:///home/cecile/repos/router/crates/execution)",
        },
        PackageId {
            repr: "query-planner 0.1.0 (path+file:///home/cecile/repos/router/crates/query-planner)",
        },
        PackageId {
            repr: "server 0.1.0 (path+file:///home/cecile/repos/router/crates/server)",
        },
    },
    (
        PackageId {
            repr: "tracing-test-macro 0.1.0 (registry+https://github.com/rust-lang/crates.io-index)",
        },
        [],
    ): {
        PackageId {
            repr: "tracing-test 0.1.0 (registry+https://github.com/rust-lang/crates.io-index)",
        },
    },
}